> Task :app:preBuild UP-TO-DATE
> Task :app:preDebugBuild UP-TO-DATE
> Task :app:mergeDebugNativeDebugMetadata NO-SOURCE
> Task :app:checkKotlinGradlePluginConfigurationErrors SKIPPED
> Task :app:dataBindingMergeDependencyArtifactsDebug UP-TO-DATE
> Task :app:generateDebugResValues UP-TO-DATE
> Task :app:generateDebugResources UP-TO-DATE
> Task :app:mergeDebugResources UP-TO-DATE
> Task :app:packageDebugResources UP-TO-DATE
> Task :app:processDebugNavigationResources UP-TO-DATE
> Task :app:parseDebugLocalResources UP-TO-DATE
> Task :app:dataBindingGenBaseClassesDebug UP-TO-DATE
> Task :app:checkDebugAarMetadata UP-TO-DATE
> Task :app:compileDebugNavigationResources UP-TO-DATE
> Task :app:mapDebugSourceSetPaths UP-TO-DATE
> Task :app:createDebugCompatibleScreenManifests UP-TO-DATE
> Task :app:extractDeepLinksDebug UP-TO-DATE
> Task :app:processDebugMainManifest UP-TO-DATE
> Task :app:processDebugManifest UP-TO-DATE
> Task :app:processDebugManifestForPackage UP-TO-DATE
> Task :app:processDebugResources UP-TO-DATE
> Task :app:javaPreCompileDebug UP-TO-DATE
> Task :app:mergeDebugShaders UP-TO-DATE
> Task :app:compileDebugShaders NO-SOURCE
> Task :app:generateDebugAssets UP-TO-DATE
> Task :app:mergeDebugAssets UP-TO-DATE
> Task :app:compressDebugAssets UP-TO-DATE
> Task :app:desugarDebugFileDependencies UP-TO-DATE
> Task :app:checkDebugDuplicateClasses UP-TO-DATE
> Task :app:mergeExtDexDebug UP-TO-DATE
> Task :app:mergeLibDexDebug UP-TO-DATE
> Task :app:mergeDebugJniLibFolders UP-TO-DATE
> Task :app:mergeDebugNativeLibs UP-TO-DATE
> Task :app:stripDebugDebugSymbols UP-TO-DATE
> Task :app:validateSigningDebug UP-TO-DATE
> Task :app:writeDebugAppMetadata UP-TO-DATE
> Task :app:writeDebugSigningConfigVersions UP-TO-DATE

> Task :app:compileDebugKotlin FAILED
./gradlew : e: file:///C:/Android/nvplayer/app/src/main/java/com/devson/nvplayer/ui/component/TopBar.kt:38:85 
Unresolved reference 'Settings'.
At line:1 char:1
+ ./gradlew assembleDebug > build_output.txt 2>&1
+ ~~~~~~~~~~~~~~~~~~~~~~~~~~~~~~~~~~~~~~~~~~~~~~~
    + CategoryInfo          : NotSpecified: (e: file:///C:/A...nce 'Settings'.:String) [], RemoteException
    + FullyQualifiedErrorId : NativeCommandError
 
e: file:///C:/Android/nvplayer/app/src/main/java/com/devson/nvplayer/ui/screen/SettingsScreen.kt:27:28 Unresolved 
reference 'BuildConfig'.
e: file:///C:/Android/nvplayer/app/src/main/java/com/devson/nvplayer/ui/screen/SettingsScreen.kt:51:29 Cannot infer 
type for this parameter. Please specify it explicitly.
e: file:///C:/Android/nvplayer/app/src/main/java/com/devson/nvplayer/ui/screen/SettingsScreen.kt:51:29 Property 
delegate must have a 'getValue(Nothing?, KProperty0<ERROR CLASS: Cannot infer argument for type parameter T>)' method. 
None of the following functions is applicable:
fun <T> State<T>.getValue(thisObj: Any?, property: KProperty<*>): T
e: file:///C:/Android/nvplayer/app/src/main/java/com/devson/nvplayer/ui/screen/SettingsScreen.kt:51:29 Not enough 
information to infer type argument for 'T'.
e: file:///C:/Android/nvplayer/app/src/main/java/com/devson/nvplayer/ui/screen/SettingsScreen.kt:51:60 Cannot infer 
type for this parameter. Please specify it explicitly.
e: file:///C:/Android/nvplayer/app/src/main/java/com/devson/nvplayer/ui/screen/SettingsScreen.kt:51:60 Not enough 
information to infer type argument for 'T'.
e: file:///C:/Android/nvplayer/app/src/main/java/com/devson/nvplayer/ui/screen/SettingsScreen.kt:59:47 Unresolved 
reference 'unknown'.
e: file:///C:/Android/nvplayer/app/src/main/java/com/devson/nvplayer/ui/screen/SettingsScreen.kt:72:49 Unresolved 
reference 'settings_title'.
e: file:///C:/Android/nvplayer/app/src/main/java/com/devson/nvplayer/ui/screen/SettingsScreen.kt:79:112 Unresolved 
reference 'back'.
e: file:///C:/Android/nvplayer/app/src/main/java/com/devson/nvplayer/ui/screen/SettingsScreen.kt:120:58 Unresolved 
reference 'settings_appearance'.
e: file:///C:/Android/nvplayer/app/src/main/java/com/devson/nvplayer/ui/screen/SettingsScreen.kt:124:56 Unresolved 
reference 'settings_display'.
e: file:///C:/Android/nvplayer/app/src/main/java/com/devson/nvplayer/ui/screen/SettingsScreen.kt:125:56 Unresolved 
reference 'settings_display_desc'.
e: file:///C:/Android/nvplayer/app/src/main/java/com/devson/nvplayer/ui/screen/SettingsScreen.kt:133:58 Unresolved 
reference 'settings_player'.
e: file:///C:/Android/nvplayer/app/src/main/java/com/devson/nvplayer/ui/screen/SettingsScreen.kt:137:56 Unresolved 
reference 'settings_list'.
e: file:///C:/Android/nvplayer/app/src/main/java/com/devson/nvplayer/ui/screen/SettingsScreen.kt:138:56 Unresolved 
reference 'settings_about_list'.
e: file:///C:/Android/nvplayer/app/src/main/java/com/devson/nvplayer/ui/screen/SettingsScreen.kt:149:56 Unresolved 
reference 'settings_folders'.
e: file:///C:/Android/nvplayer/app/src/main/java/com/devson/nvplayer/ui/screen/SettingsScreen.kt:150:56 Unresolved 
reference 'settings_about_folders'.
e: file:///C:/Android/nvplayer/app/src/main/java/com/devson/nvplayer/ui/screen/SettingsScreen.kt:168:60 Unresolved 
reference 'settings_Modern_controls'.
e: file:///C:/Android/nvplayer/app/src/main/java/com/devson/nvplayer/ui/screen/SettingsScreen.kt:170:53 Unresolved 
reference 'settings_Modern_controls_active'.
e: file:///C:/Android/nvplayer/app/src/main/java/com/devson/nvplayer/ui/screen/SettingsScreen.kt:172:53 Unresolved 
reference 'settings_Modern_controls_inactive'.
e: file:///C:/Android/nvplayer/app/src/main/java/com/devson/nvplayer/ui/screen/SettingsScreen.kt:201:58 Unresolved 
reference 'settings_app'.
e: file:///C:/Android/nvplayer/app/src/main/java/com/devson/nvplayer/ui/screen/SettingsScreen.kt:205:56 Unresolved 
reference 'settings_about'.
e: file:///C:/Android/nvplayer/app/src/main/java/com/devson/nvplayer/ui/screen/SettingsScreen.kt:206:56 Unresolved 
reference 'settings_about_desc'.
e: file:///C:/Android/nvplayer/app/src/main/java/com/devson/nvplayer/ui/screen/SettingsScreen.kt:212:56 Unresolved 
reference 'settings_privacy'.
e: file:///C:/Android/nvplayer/app/src/main/java/com/devson/nvplayer/ui/screen/SettingsScreen.kt:213:56 Unresolved 
reference 'settings_privacy_desc'.
e: file:///C:/Android/nvplayer/app/src/main/java/com/devson/nvplayer/ui/screen/SettingsScreen.kt:221:62 Unresolved 
reference 'settings_developer'.
e: file:///C:/Android/nvplayer/app/src/main/java/com/devson/nvplayer/ui/screen/SettingsScreen.kt:225:60 Unresolved 
reference 'settings_error_logs'.
e: file:///C:/Android/nvplayer/app/src/main/java/com/devson/nvplayer/ui/screen/SettingsScreen.kt:226:60 Unresolved 
reference 'settings_error_logs_desc'.
e: file:///C:/Android/nvplayer/app/src/main/java/com/devson/nvplayer/ui/screen/SettingsScreen.kt:288:53 Unresolved 
reference 'settings_version'.
e: file:///C:/Android/nvplayer/app/src/main/java/com/devson/nvplayer/ui/screen/SettingsScreen.kt:297:29 Unresolved 
reference 'BuildConfig'.
e: file:///C:/Android/nvplayer/app/src/main/java/com/devson/nvplayer/ui/screen/SettingsScreen.kt:301:37 Unresolved 
reference 'BuildConfig'.
e: file:///C:/Android/nvplayer/app/src/main/java/com/devson/nvplayer/ui/screen/SettingsScreen.kt:301:93 Unresolved 
reference 'settings_stable'.
e: file:///C:/Android/nvplayer/app/src/main/java/com/devson/nvplayer/ui/screen/SettingsScreen.kt:303:37 Unresolved 
reference 'BuildConfig'.
e: file:///C:/Android/nvplayer/app/src/main/java/com/devson/nvplayer/viewmodel/AppearanceSettingsScreen.kt:34:27 
Unresolved reference 'app'.
e: file:///C:/Android/nvplayer/app/src/main/java/com/devson/nvplayer/viewmodel/AppearanceSettingsScreen.kt:59:30 
Unresolved reference 'AppCompatDelegate'.
e: file:///C:/Android/nvplayer/app/src/main/java/com/devson/nvplayer/viewmodel/AppearanceSettingsScreen.kt:76:50 
Unresolved reference 'appearance_language'.
e: file:///C:/Android/nvplayer/app/src/main/java/com/devson/nvplayer/viewmodel/AppearanceSettingsScreen.kt:82:63 
Unresolved reference 'appearance_english'.
e: file:///C:/Android/nvplayer/app/src/main/java/com/devson/nvplayer/viewmodel/AppearanceSettingsScreen.kt:86:29 
Unresolved reference 'AppCompatDelegate'.
e: file:///C:/Android/nvplayer/app/src/main/java/com/devson/nvplayer/viewmodel/AppearanceSettingsScreen.kt:91:63 
Unresolved reference 'appearance_marathi_full'.
e: file:///C:/Android/nvplayer/app/src/main/java/com/devson/nvplayer/viewmodel/AppearanceSettingsScreen.kt:95:29 
Unresolved reference 'AppCompatDelegate'.
e: file:///C:/Android/nvplayer/app/src/main/java/com/devson/nvplayer/viewmodel/AppearanceSettingsScreen.kt:102:101 
Unresolved reference 'appearance_close'.
e: file:///C:/Android/nvplayer/app/src/main/java/com/devson/nvplayer/viewmodel/AppearanceSettingsScreen.kt:113:49 
Unresolved reference 'settings_display'.
e: file:///C:/Android/nvplayer/app/src/main/java/com/devson/nvplayer/viewmodel/AppearanceSettingsScreen.kt:120:112 
Unresolved reference 'back'.
e: file:///C:/Android/nvplayer/app/src/main/java/com/devson/nvplayer/viewmodel/AppearanceSettingsScreen.kt:148:58 
Unresolved reference 'appearance_colour_palette'.
e: file:///C:/Android/nvplayer/app/src/main/java/com/devson/nvplayer/viewmodel/AppearanceSettingsScreen.kt:221:58 
Unresolved reference 'appearance_language'.
e: file:///C:/Android/nvplayer/app/src/main/java/com/devson/nvplayer/viewmodel/AppearanceSettingsScreen.kt:223:38 
Unresolved reference 'AppCompatDelegate'.
e: file:///C:/Android/nvplayer/app/src/main/java/com/devson/nvplayer/viewmodel/AppearanceSettingsScreen.kt:227:56 
Unresolved reference 'appearance_display_language'.
e: file:///C:/Android/nvplayer/app/src/main/java/com/devson/nvplayer/viewmodel/AppearanceSettingsScreen.kt:228:71 
Unresolved reference 'appearance_marathi'.
e: file:///C:/Android/nvplayer/app/src/main/java/com/devson/nvplayer/viewmodel/AppearanceSettingsScreen.kt:228:120 
Unresolved reference 'appearance_english'.
e: file:///C:/Android/nvplayer/app/src/main/java/com/devson/nvplayer/viewmodel/AppearanceSettingsScreen.kt:254:57 
Unresolved reference 'appearance_restart_info'.
e: file:///C:/Android/nvplayer/app/src/main/java/com/devson/nvplayer/viewmodel/AppearanceSettingsScreen.kt:346:70 
Unresolved reference 'appearance_selected'.
e: file:///C:/Android/nvplayer/app/src/main/java/com/devson/nvplayer/viewmodel/AppearanceSettingsScreen.kt:424:49 
Unresolved reference 'appearance_current_palette'.
e: file:///C:/Android/nvplayer/app/src/main/java/com/devson/nvplayer/viewmodel/SettingsViewModel.kt:6:28 Unresolved 
reference 'repository'.
e: file:///C:/Android/nvplayer/app/src/main/java/com/devson/nvplayer/viewmodel/SettingsViewModel.kt:17:32 Unresolved 
reference 'PlaybackSettingsRepository'.
e: file:///C:/Android/nvplayer/app/src/main/java/com/devson/nvplayer/viewmodel/SettingsViewModel.kt:18:56 Unresolved 
reference 'repository'.
e: file:///C:/Android/nvplayer/app/src/main/java/com/devson/nvplayer/viewmodel/SettingsViewModel.kt:21:10 Cannot infer 
type for this parameter. Please specify it explicitly.
e: file:///C:/Android/nvplayer/app/src/main/java/com/devson/nvplayer/viewmodel/SettingsViewModel.kt:21:93 Unresolved 
reference 'model'.
e: file:///C:/Android/nvplayer/app/src/main/java/com/devson/nvplayer/viewmodel/SettingsViewModel.kt:65:10 Cannot infer 
type for this parameter. Please specify it explicitly.
e: file:///C:/Android/nvplayer/app/src/main/java/com/devson/nvplayer/viewmodel/SettingsViewModel.kt:65:16 Cannot infer 
type for this parameter. Please specify it explicitly.
e: file:///C:/Android/nvplayer/app/src/main/java/com/devson/nvplayer/viewmodel/SettingsViewModel.kt:146:57 Unresolved 
reference 'model'.
e: file:///C:/Android/nvplayer/app/src/main/java/com/devson/nvplayer/viewmodel/SettingsViewModel.kt:151:10 Cannot 
infer type for this parameter. Please specify it explicitly.
e: file:///C:/Android/nvplayer/app/src/main/java/com/devson/nvplayer/viewmodel/SettingsViewModel.kt:154:33 Unresolved 
reference 'repository'.
e: file:///C:/Android/nvplayer/app/src/main/java/com/devson/nvplayer/viewmodel/SettingsViewModel.kt:161:55 Unresolved 
reference 'repository'.
e: file:///C:/Android/nvplayer/app/src/main/java/com/devson/nvplayer/viewmodel/SettingsViewModel.kt:162:54 Unresolved 
reference 'repository'.
e: file:///C:/Android/nvplayer/app/src/main/java/com/devson/nvplayer/viewmodel/SettingsViewModel.kt:163:54 Unresolved 
reference 'repository'.
e: file:///C:/Android/nvplayer/app/src/main/java/com/devson/nvplayer/viewmodel/SettingsViewModel.kt:170:52 Unresolved 
reference 'repository'.
e: file:///C:/Android/nvplayer/app/src/main/java/com/devson/nvplayer/viewmodel/SettingsViewModel.kt:180:55 Unresolved 
reference 'repository'.
e: file:///C:/Android/nvplayer/app/src/main/java/com/devson/nvplayer/viewmodel/SettingsViewModel.kt:181:57 Unresolved 
reference 'repository'.
e: file:///C:/Android/nvplayer/app/src/main/java/com/devson/nvplayer/viewmodel/SettingsViewModel.kt:184:55 Unresolved 
reference 'repository'.
e: file:///C:/Android/nvplayer/app/src/main/java/com/devson/nvplayer/viewmodel/SettingsViewModel.kt:188:57 Unresolved 
reference 'repository'.
e: file:///C:/Android/nvplayer/app/src/main/java/com/devson/nvplayer/viewmodel/SettingsViewModel.kt:192:56 Unresolved 
reference 'repository'.
e: file:///C:/Android/nvplayer/app/src/main/java/com/devson/nvplayer/viewmodel/SettingsViewModel.kt:196:56 Unresolved 
reference 'repository'.
e: file:///C:/Android/nvplayer/app/src/main/java/com/devson/nvplayer/viewmodel/SettingsViewModel.kt:231:54 Unresolved 
reference 'repository'.
e: file:///C:/Android/nvplayer/app/src/main/java/com/devson/nvplayer/viewmodel/SettingsViewModel.kt:269:59 Unresolved 
reference 'repository'.
e: file:///C:/Android/nvplayer/app/src/main/java/com/devson/nvplayer/viewmodel/SettingsViewModel.kt:273:61 Unresolved 
reference 'repository'.
e: file:///C:/Android/nvplayer/app/src/main/java/com/devson/nvplayer/viewmodel/SettingsViewModel.kt:285:59 Unresolved 
reference 'repository'.

FAILURE: Build failed with an exception.

* What went wrong:
Execution failed for task ':app:compileDebugKotlin'.
> A failure occurred while executing 
org.jetbrains.kotlin.compilerRunner.GradleCompilerRunnerWithWorkers$GradleKotlinCompilerWorkAction
   > Compilation error. See log for more details

* Try:
> Run with --stacktrace option to get the stack trace.
> Run with --info or --debug option to get more log output.
> Run with --scan to get full insights.
> Get more help at https://help.gradle.org.

BUILD FAILED in 6s
32 actionable tasks: 1 executed, 31 up-to-date
